Analyzing lunch_decider...                                      

  error - The argument type 'FutureProviderFamily<List<Restaurant>, String?>' can't be assigned to the parameter type 'ProviderListenable<dynamic>'.  - lib\features\game\logic\random_pick_controller.dart:26:39 - argument_type_not_assignable
  error - The function 'StateProvider' isn't defined - lib\features\home\home_screen.dart:8:34 - undefined_function
  error - Classes can only extend other classes - lib\features\map\logic\map_controller.dart:5:29 - extends_non_class
  error - Too many positional arguments: 0 expected, but 1 found - lib\features\map\logic\map_controller.dart:6:27 - extra_positional_arguments
   info - Don't invoke 'print' in production code - lib\features\map\logic\map_controller.dart:31:9 - avoid_print
   info - Don't invoke 'print' in production code - lib\features\map\logic\map_controller.dart:34:7 - avoid_print
  error - The function 'StateNotifierProvider' isn't defined - lib\features\map\logic\map_controller.dart:39:31 - undefined_function
   info - Don't invoke 'print' in production code - lib\features\restaurant\data\kakao_restaurant_repository.dart:49:7 - avoid_print
warning - Unused import: '../../../../core/services/location_service.dart' - lib\features\restaurant\domain\restaurant_repository.dart:2:8 - unused_import
   info - 'NaverMapSdk' is deprecated and shouldn't be used. Use FlutterNaverMap class instead - lib\main.dart:13:11 - deprecated_member_use
   info - 'initialize' is deprecated and shouldn't be used. Use [FlutterNaverMap.init] method instead - lib\main.dart:13:32 - deprecated_member_use

